
> portfolio@0.1.0 build
> next build

▲ Next.js 16.2.6 (Turbopack)

  Creating an optimized production build ...

> Build error occurred
Error: Turbopack build failed with 16 errors:
./src/components/Contact.tsx:5:1
Export Github doesn't exist in target module
  [90m3 |[0m [36mimport[0m { motion } [36mfrom[0m [32m"framer-motion"[0m;
  [90m4 |[0m [36mimport[0m { [33mButton[0m } [36mfrom[0m [32m"./ui/Button"[0m;
[31m[1m>[0m [90m5 |[0m [36mimport[0m { [33mGithub[0m, [33mLinkedin[0m, [33mTwitter[0m, [33mMail[0m, [33mInstagram[0m, [33mMessageSquare[0m } [36mfrom[0m [32m"lucide-react"[0m;
  [90m  |[0m [31m[1m^^^^^^^^^^^^^^^^^^^^^^^^^^^^^^^^^^^^^^^^^^^^^^^^^^^^^^^^^^^^^^^^^^^^^^^^^^^^^^^^^^^^^^^^^[0m
  [90m6 |[0m
  [90m7 |[0m [36mexport[0m [36mfunction[0m [33mContact[0m() {
  [90m8 |[0m   [36mreturn[0m (

The export Github was not found in module [project]/node_modules/lucide-react/dist/esm/lucide-react.mjs [app-client] (ecmascript).
Did you mean to import Gift?
All exports of the module are statically known (It doesn't have dynamic exports). So it's known statically that the requested export doesn't exist.

Import trace:
  Server Component:
    ./src/components/Contact.tsx
    ./src/app/page.tsx


./src/components/Contact.tsx:5:1
Export Github doesn't exist in target module
  [90m3 |[0m [36mimport[0m { motion } [36mfrom[0m [32m"framer-motion"[0m;
  [90m4 |[0m [36mimport[0m { [33mButton[0m } [36mfrom[0m [32m"./ui/Button"[0m;
[31m[1m>[0m [90m5 |[0m [36mimport[0m { [33mGithub[0m, [33mLinkedin[0m, [33mTwitter[0m, [33mMail[0m, [33mInstagram[0m, [33mMessageSquare[0m } [36mfrom[0m [32m"lucide-react"[0m;
  [90m  |[0m [31m[1m^^^^^^^^^^^^^^^^^^^^^^^^^^^^^^^^^^^^^^^^^^^^^^^^^^^^^^^^^^^^^^^^^^^^^^^^^^^^^^^^^^^^^^^^^[0m
  [90m6 |[0m
  [90m7 |[0m [36mexport[0m [36mfunction[0m [33mContact[0m() {
  [90m8 |[0m   [36mreturn[0m (

The export Github was not found in module [project]/node_modules/lucide-react/dist/esm/lucide-react.mjs [app-ssr] (ecmascript).
Did you mean to import Gift?
All exports of the module are statically known (It doesn't have dynamic exports). So it's known statically that the requested export doesn't exist.

Import trace:
  Server Component:
    ./src/components/Contact.tsx
    ./src/app/page.tsx


./src/components/Hero.tsx:5:1
Export Github doesn't exist in target module
  [90m3 |[0m [36mimport[0m { motion } [36mfrom[0m [32m"framer-motion"[0m;
  [90m4 |[0m [36mimport[0m { [33mButton[0m } [36mfrom[0m [32m"./ui/Button"[0m;
[31m[1m>[0m [90m5 |[0m [36mimport[0m { [33mGithub[0m, [33mLinkedin[0m, [33mTwitter[0m, [33mMail[0m } [36mfrom[0m [32m"lucide-react"[0m;
  [90m  |[0m [31m[1m^^^^^^^^^^^^^^^^^^^^^^^^^^^^^^^^^^^^^^^^^^^^^^^^^^^^^^^^^^^^^^^[0m
  [90m6 |[0m
  [90m7 |[0m [36mexport[0m [36mfunction[0m [33mHero[0m() {
  [90m8 |[0m   [36mreturn[0m (

The export Github was not found in module [project]/node_modules/lucide-react/dist/esm/lucide-react.mjs [app-client] (ecmascript).
Did you mean to import Gift?
All exports of the module are statically known (It doesn't have dynamic exports). So it's known statically that the requested export doesn't exist.

Import trace:
  Server Component:
    ./src/components/Hero.tsx
    ./src/app/page.tsx


./src/components/Hero.tsx:5:1
Export Github doesn't exist in target module
  [90m3 |[0m [36mimport[0m { motion } [36mfrom[0m [32m"framer-motion"[0m;
  [90m4 |[0m [36mimport[0m { [33mButton[0m } [36mfrom[0m [32m"./ui/Button"[0m;
[31m[1m>[0m [90m5 |[0m [36mimport[0m { [33mGithub[0m, [33mLinkedin[0m, [33mTwitter[0m, [33mMail[0m } [36mfrom[0m [32m"lucide-react"[0m;
  [90m  |[0m [31m[1m^^^^^^^^^^^^^^^^^^^^^^^^^^^^^^^^^^^^^^^^^^^^^^^^^^^^^^^^^^^^^^^[0m
  [90m6 |[0m
  [90m7 |[0m [36mexport[0m [36mfunction[0m [33mHero[0m() {
  [90m8 |[0m   [36mreturn[0m (

The export Github was not found in module [project]/node_modules/lucide-react/dist/esm/lucide-react.mjs [app-ssr] (ecmascript).
Did you mean to import Gift?
All exports of the module are statically known (It doesn't have dynamic exports). So it's known statically that the requested export doesn't exist.

Import trace:
  Server Component:
    ./src/components/Hero.tsx
    ./src/app/page.tsx


./src/components/Projects.tsx:4:1
Export Github doesn't exist in target module
  [90m2 |[0m
  [90m3 |[0m [36mimport[0m { motion } [36mfrom[0m [32m"framer-motion"[0m;
[31m[1m>[0m [90m4 |[0m [36mimport[0m { [33mGithub[0m, [33mExternalLink[0m } [36mfrom[0m [32m"lucide-react"[0m;
  [90m  |[0m [31m[1m^^^^^^^^^^^^^^^^^^^^^^^^^^^^^^^^^^^^^^^^^^^^^^^^^^^^[0m
  [90m5 |[0m
  [90m6 |[0m [36mconst[0m projects = [
  [90m7 |[0m   {

The export Github was not found in module [project]/node_modules/lucide-react/dist/esm/lucide-react.mjs [app-client] (ecmascript).
Did you mean to import Gift?
All exports of the module are statically known (It doesn't have dynamic exports). So it's known statically that the requested export doesn't exist.

Import trace:
  Server Component:
    ./src/components/Projects.tsx
    ./src/app/page.tsx


./src/components/Projects.tsx:4:1
Export Github doesn't exist in target module
  [90m2 |[0m
  [90m3 |[0m [36mimport[0m { motion } [36mfrom[0m [32m"framer-motion"[0m;
[31m[1m>[0m [90m4 |[0m [36mimport[0m { [33mGithub[0m, [33mExternalLink[0m } [36mfrom[0m [32m"lucide-react"[0m;
  [90m  |[0m [31m[1m^^^^^^^^^^^^^^^^^^^^^^^^^^^^^^^^^^^^^^^^^^^^^^^^^^^^[0m
  [90m5 |[0m
  [90m6 |[0m [36mconst[0m projects = [
  [90m7 |[0m   {

The export Github was not found in module [project]/node_modules/lucide-react/dist/esm/lucide-react.mjs [app-ssr] (ecmascript).
Did you mean to import Gift?
All exports of the module are statically known (It doesn't have dynamic exports). So it's known statically that the requested export doesn't exist.

Import trace:
  Server Component:
    ./src/components/Projects.tsx
    ./src/app/page.tsx


./src/components/Contact.tsx:5:1
Export Instagram doesn't exist in target module
  [90m3 |[0m [36mimport[0m { motion } [36mfrom[0m [32m"framer-motion"[0m;
  [90m4 |[0m [36mimport[0m { [33mButton[0m } [36mfrom[0m [32m"./ui/Button"[0m;
[31m[1m>[0m [90m5 |[0m [36mimport[0m { [33mGithub[0m, [33mLinkedin[0m, [33mTwitter[0m, [33mMail[0m, [33mInstagram[0m, [33mMessageSquare[0m } [36mfrom[0m [32m"lucide-react"[0m;
  [90m  |[0m [31m[1m^^^^^^^^^^^^^^^^^^^^^^^^^^^^^^^^^^^^^^^^^^^^^^^^^^^^^^^^^^^^^^^^^^^^^^^^^^^^^^^^^^^^^^^^^[0m
  [90m6 |[0m
  [90m7 |[0m [36mexport[0m [36mfunction[0m [33mContact[0m() {
  [90m8 |[0m   [36mreturn[0m (

The export Instagram was not found in module [project]/node_modules/lucide-react/dist/esm/lucide-react.mjs [app-client] (ecmascript).
Did you mean to import Star?
All exports of the module are statically known (It doesn't have dynamic exports). So it's known statically that the requested export doesn't exist.

Import trace:
  Server Component:
    ./src/components/Contact.tsx
    ./src/app/page.tsx


./src/components/Contact.tsx:5:1
Export Instagram doesn't exist in target module
  [90m3 |[0m [36mimport[0m { motion } [36mfrom[0m [32m"framer-motion"[0m;
  [90m4 |[0m [36mimport[0m { [33mButton[0m } [36mfrom[0m [32m"./ui/Button"[0m;
[31m[1m>[0m [90m5 |[0m [36mimport[0m { [33mGithub[0m, [33mLinkedin[0m, [33mTwitter[0m, [33mMail[0m, [33mInstagram[0m, [33mMessageSquare[0m } [36mfrom[0m [32m"lucide-react"[0m;
  [90m  |[0m [31m[1m^^^^^^^^^^^^^^^^^^^^^^^^^^^^^^^^^^^^^^^^^^^^^^^^^^^^^^^^^^^^^^^^^^^^^^^^^^^^^^^^^^^^^^^^^[0m
  [90m6 |[0m
  [90m7 |[0m [36mexport[0m [36mfunction[0m [33mContact[0m() {
  [90m8 |[0m   [36mreturn[0m (

The export Instagram was not found in module [project]/node_modules/lucide-react/dist/esm/lucide-react.mjs [app-ssr] (ecmascript).
Did you mean to import Star?
All exports of the module are statically known (It doesn't have dynamic exports). So it's known statically that the requested export doesn't exist.

Import trace:
  Server Component:
    ./src/components/Contact.tsx
    ./src/app/page.tsx


./src/components/Contact.tsx:5:1
Export Linkedin doesn't exist in target module
  [90m3 |[0m [36mimport[0m { motion } [36mfrom[0m [32m"framer-motion"[0m;
  [90m4 |[0m [36mimport[0m { [33mButton[0m } [36mfrom[0m [32m"./ui/Button"[0m;
[31m[1m>[0m [90m5 |[0m [36mimport[0m { [33mGithub[0m, [33mLinkedin[0m, [33mTwitter[0m, [33mMail[0m, [33mInstagram[0m, [33mMessageSquare[0m } [36mfrom[0m [32m"lucide-react"[0m;
  [90m  |[0m [31m[1m^^^^^^^^^^^^^^^^^^^^^^^^^^^^^^^^^^^^^^^^^^^^^^^^^^^^^^^^^^^^^^^^^^^^^^^^^^^^^^^^^^^^^^^^^[0m
  [90m6 |[0m
  [90m7 |[0m [36mexport[0m [36mfunction[0m [33mContact[0m() {
  [90m8 |[0m   [36mreturn[0m (

The export Linkedin was not found in module [project]/node_modules/lucide-react/dist/esm/lucide-react.mjs [app-client] (ecmascript).
Did you mean to import Link?
All exports of the module are statically known (It doesn't have dynamic exports). So it's known statically that the requested export doesn't exist.

Import trace:
  Server Component:
    ./src/components/Contact.tsx
    ./src/app/page.tsx


./src/components/Contact.tsx:5:1
Export Linkedin doesn't exist in target module
  [90m3 |[0m [36mimport[0m { motion } [36mfrom[0m [32m"framer-motion"[0m;
  [90m4 |[0m [36mimport[0m { [33mButton[0m } [36mfrom[0m [32m"./ui/Button"[0m;
[31m[1m>[0m [90m5 |[0m [36mimport[0m { [33mGithub[0m, [33mLinkedin[0m, [33mTwitter[0m, [33mMail[0m, [33mInstagram[0m, [33mMessageSquare[0m } [36mfrom[0m [32m"lucide-react"[0m;
  [90m  |[0m [31m[1m^^^^^^^^^^^^^^^^^^^^^^^^^^^^^^^^^^^^^^^^^^^^^^^^^^^^^^^^^^^^^^^^^^^^^^^^^^^^^^^^^^^^^^^^^[0m
  [90m6 |[0m
  [90m7 |[0m [36mexport[0m [36mfunction[0m [33mContact[0m() {
  [90m8 |[0m   [36mreturn[0m (

The export Linkedin was not found in module [project]/node_modules/lucide-react/dist/esm/lucide-react.mjs [app-ssr] (ecmascript).
Did you mean to import Link?
All exports of the module are statically known (It doesn't have dynamic exports). So it's known statically that the requested export doesn't exist.

Import trace:
  Server Component:
    ./src/components/Contact.tsx
    ./src/app/page.tsx


./src/components/Hero.tsx:5:1
Export Linkedin doesn't exist in target module
  [90m3 |[0m [36mimport[0m { motion } [36mfrom[0m [32m"framer-motion"[0m;
  [90m4 |[0m [36mimport[0m { [33mButton[0m } [36mfrom[0m [32m"./ui/Button"[0m;
[31m[1m>[0m [90m5 |[0m [36mimport[0m { [33mGithub[0m, [33mLinkedin[0m, [33mTwitter[0m, [33mMail[0m } [36mfrom[0m [32m"lucide-react"[0m;
  [90m  |[0m [31m[1m^^^^^^^^^^^^^^^^^^^^^^^^^^^^^^^^^^^^^^^^^^^^^^^^^^^^^^^^^^^^^^^[0m
  [90m6 |[0m
  [90m7 |[0m [36mexport[0m [36mfunction[0m [33mHero[0m() {
  [90m8 |[0m   [36mreturn[0m (

The export Linkedin was not found in module [project]/node_modules/lucide-react/dist/esm/lucide-react.mjs [app-client] (ecmascript).
Did you mean to import Link?
All exports of the module are statically known (It doesn't have dynamic exports). So it's known statically that the requested export doesn't exist.

Import trace:
  Server Component:
    ./src/components/Hero.tsx
    ./src/app/page.tsx


./src/components/Hero.tsx:5:1
Export Linkedin doesn't exist in target module
  [90m3 |[0m [36mimport[0m { motion } [36mfrom[0m [32m"framer-motion"[0m;
  [90m4 |[0m [36mimport[0m { [33mButton[0m } [36mfrom[0m [32m"./ui/Button"[0m;
[31m[1m>[0m [90m5 |[0m [36mimport[0m { [33mGithub[0m, [33mLinkedin[0m, [33mTwitter[0m, [33mMail[0m } [36mfrom[0m [32m"lucide-react"[0m;
  [90m  |[0m [31m[1m^^^^^^^^^^^^^^^^^^^^^^^^^^^^^^^^^^^^^^^^^^^^^^^^^^^^^^^^^^^^^^^[0m
  [90m6 |[0m
  [90m7 |[0m [36mexport[0m [36mfunction[0m [33mHero[0m() {
  [90m8 |[0m   [36mreturn[0m (

The export Linkedin was not found in module [project]/node_modules/lucide-react/dist/esm/lucide-react.mjs [app-ssr] (ecmascript).
Did you mean to import Link?
All exports of the module are statically known (It doesn't have dynamic exports). So it's known statically that the requested export doesn't exist.

Import trace:
  Server Component:
    ./src/components/Hero.tsx
    ./src/app/page.tsx


./src/components/Contact.tsx:5:1
Export Twitter doesn't exist in target module
  [90m3 |[0m [36mimport[0m { motion } [36mfrom[0m [32m"framer-motion"[0m;
  [90m4 |[0m [36mimport[0m { [33mButton[0m } [36mfrom[0m [32m"./ui/Button"[0m;
[31m[1m>[0m [90m5 |[0m [36mimport[0m { [33mGithub[0m, [33mLinkedin[0m, [33mTwitter[0m, [33mMail[0m, [33mInstagram[0m, [33mMessageSquare[0m } [36mfrom[0m [32m"lucide-react"[0m;
  [90m  |[0m [31m[1m^^^^^^^^^^^^^^^^^^^^^^^^^^^^^^^^^^^^^^^^^^^^^^^^^^^^^^^^^^^^^^^^^^^^^^^^^^^^^^^^^^^^^^^^^[0m
  [90m6 |[0m
  [90m7 |[0m [36mexport[0m [36mfunction[0m [33mContact[0m() {
  [90m8 |[0m   [36mreturn[0m (

The export Twitter was not found in module [project]/node_modules/lucide-react/dist/esm/lucide-react.mjs [app-client] (ecmascript).
Did you mean to import Timer?
All exports of the module are statically known (It doesn't have dynamic exports). So it's known statically that the requested export doesn't exist.

Import trace:
  Server Component:
    ./src/components/Contact.tsx
    ./src/app/page.tsx


./src/components/Contact.tsx:5:1
Export Twitter doesn't exist in target module
  [90m3 |[0m [36mimport[0m { motion } [36mfrom[0m [32m"framer-motion"[0m;
  [90m4 |[0m [36mimport[0m { [33mButton[0m } [36mfrom[0m [32m"./ui/Button"[0m;
[31m[1m>[0m [90m5 |[0m [36mimport[0m { [33mGithub[0m, [33mLinkedin[0m, [33mTwitter[0m, [33mMail[0m, [33mInstagram[0m, [33mMessageSquare[0m } [36mfrom[0m [32m"lucide-react"[0m;
  [90m  |[0m [31m[1m^^^^^^^^^^^^^^^^^^^^^^^^^^^^^^^^^^^^^^^^^^^^^^^^^^^^^^^^^^^^^^^^^^^^^^^^^^^^^^^^^^^^^^^^^[0m
  [90m6 |[0m
  [90m7 |[0m [36mexport[0m [36mfunction[0m [33mContact[0m() {
  [90m8 |[0m   [36mreturn[0m (

The export Twitter was not found in module [project]/node_modules/lucide-react/dist/esm/lucide-react.mjs [app-ssr] (ecmascript).
Did you mean to import Timer?
All exports of the module are statically known (It doesn't have dynamic exports). So it's known statically that the requested export doesn't exist.

Import trace:
  Server Component:
    ./src/components/Contact.tsx
    ./src/app/page.tsx


./src/components/Hero.tsx:5:1
Export Twitter doesn't exist in target module
  [90m3 |[0m [36mimport[0m { motion } [36mfrom[0m [32m"framer-motion"[0m;
  [90m4 |[0m [36mimport[0m { [33mButton[0m } [36mfrom[0m [32m"./ui/Button"[0m;
[31m[1m>[0m [90m5 |[0m [36mimport[0m { [33mGithub[0m, [33mLinkedin[0m, [33mTwitter[0m, [33mMail[0m } [36mfrom[0m [32m"lucide-react"[0m;
  [90m  |[0m [31m[1m^^^^^^^^^^^^^^^^^^^^^^^^^^^^^^^^^^^^^^^^^^^^^^^^^^^^^^^^^^^^^^^[0m
  [90m6 |[0m
  [90m7 |[0m [36mexport[0m [36mfunction[0m [33mHero[0m() {
  [90m8 |[0m   [36mreturn[0m (

The export Twitter was not found in module [project]/node_modules/lucide-react/dist/esm/lucide-react.mjs [app-client] (ecmascript).
Did you mean to import Timer?
All exports of the module are statically known (It doesn't have dynamic exports). So it's known statically that the requested export doesn't exist.

Import trace:
  Server Component:
    ./src/components/Hero.tsx
    ./src/app/page.tsx


./src/components/Hero.tsx:5:1
Export Twitter doesn't exist in target module
  [90m3 |[0m [36mimport[0m { motion } [36mfrom[0m [32m"framer-motion"[0m;
  [90m4 |[0m [36mimport[0m { [33mButton[0m } [36mfrom[0m [32m"./ui/Button"[0m;
[31m[1m>[0m [90m5 |[0m [36mimport[0m { [33mGithub[0m, [33mLinkedin[0m, [33mTwitter[0m, [33mMail[0m } [36mfrom[0m [32m"lucide-react"[0m;
  [90m  |[0m [31m[1m^^^^^^^^^^^^^^^^^^^^^^^^^^^^^^^^^^^^^^^^^^^^^^^^^^^^^^^^^^^^^^^[0m
  [90m6 |[0m
  [90m7 |[0m [36mexport[0m [36mfunction[0m [33mHero[0m() {
  [90m8 |[0m   [36mreturn[0m (

The export Twitter was not found in module [project]/node_modules/lucide-react/dist/esm/lucide-react.mjs [app-ssr] (ecmascript).
Did you mean to import Timer?
All exports of the module are statically known (It doesn't have dynamic exports). So it's known statically that the requested export doesn't exist.

Import trace:
  Server Component:
    ./src/components/Hero.tsx
    ./src/app/page.tsx


    at <unknown> (./src/components/Contact.tsx:5:1)
    at <unknown> (./src/components/Contact.tsx:5:1)
    at <unknown> (./src/components/Hero.tsx:5:1)
    at <unknown> (./src/components/Hero.tsx:5:1)
    at <unknown> (./src/components/Projects.tsx:4:1)
    at <unknown> (./src/components/Projects.tsx:4:1)
    at <unknown> (./src/components/Contact.tsx:5:1)
    at <unknown> (./src/components/Contact.tsx:5:1)
    at <unknown> (./src/components/Contact.tsx:5:1)
    at <unknown> (./src/components/Contact.tsx:5:1)
    at <unknown> (./src/components/Hero.tsx:5:1)
    at <unknown> (./src/components/Hero.tsx:5:1)
    at <unknown> (./src/components/Contact.tsx:5:1)
    at <unknown> (./src/components/Contact.tsx:5:1)
    at <unknown> (./src/components/Hero.tsx:5:1)
    at <unknown> (./src/components/Hero.tsx:5:1)
